
[TestGetCommonConfig - 1]
config.CommonConfig{}
---
